// Jest Snapshot v1, https://goo.gl/fbAQLP

exports[`Overline Accepts style override 1`] = `[Function]`;

exports[`Overline Overline Renders 1`] = `
<Text
  allowFontScaling={true}
  maxFontSizeMultiplier={100}
  style={
    [
      {
        "textAlign": "left",
      },
      {
        "color": "rgba(28, 27, 31, 1)",
        "writingDirection": "ltr",
      },
      [
        {
          "fontFamily": "System",
          "fontSize": 12,
          "fontWeight": "500",
          "letterSpacing": 0.5,
          "lineHeight": 16,
        },
        [
          {
            "color": "rgba(28, 27, 31, 1)",
            "letterSpacing": 2,
            "textTransform": "uppercase",
          },
          undefined,
          undefined,
        ],
      ],
    ]
  }
>
  Overline
</Text>
`;

exports[`Overline Renders the color correctly 1`] = `[Function]`;
