// Jest Snapshot v1, https://goo.gl/fbAQLP

exports[`Overline Accepts style override 1`] = `[Function]`;

exports[`Overline Overline Renders 1`] = `
<Text
  allowFontScaling={true}
  maxFontSizeMultiplier={100}
  style={
    Array [
      Object {
        "textAlign": "left",
      },
      Object {
        "color": "rgba(28, 27, 31, 1)",
        "writingDirection": "ltr",
      },
      Array [
        Object {
          "fontFamily": "System",
          "fontSize": 14,
          "fontWeight": "400",
          "letterSpacing": 0.25,
          "lineHeight": 20,
        },
        Array [
          Object {
            "color": "rgba(28, 27, 31, 1)",
            "fontSize": 12,
            "letterSpacing": 2,
            "lineHeight": 16,
            "textTransform": "uppercase",
          },
          undefined,
          undefined,
        ],
      ],
    ]
  }
>
  Overline
</Text>
`;

exports[`Overline Renders the color correctly 1`] = `[Function]`;
