// Jest Snapshot v1, https://goo.gl/fbAQLP

exports[`ProgressBar ProgressBar Renders 1`] = `
<View
  accessibilityRole="progressbar"
  accessibilityState={
    {
      "busy": true,
    }
  }
  accessibilityValue={
    {
      "max": 100,
      "min": 0,
      "now": 50,
    }
  }
  accessible={true}
  onLayout={[Function]}
  style={false}
>
  <View
    collapsable={false}
    style={
      {
        "backgroundColor": "rgba(231, 224, 236, 1)",
        "height": 4,
        "opacity": 0,
        "overflow": "hidden",
      }
    }
  />
</View>
`;
