// Jest Snapshot v1, https://goo.gl/fbAQLP

exports[`Badge renders without crashing 1`] = `
<Text
  allowFontScaling={true}
  collapsable={false}
  maxFontSizeMultiplier={100}
  numberOfLines={1}
  style={
    {
      "alignSelf": "flex-end",
      "backgroundColor": "rgba(179, 38, 30, 1)",
      "borderRadius": 12,
      "color": "rgba(255, 255, 255, 1)",
      "fontSize": 12,
      "height": 24,
      "lineHeight": 12,
      "minWidth": 24,
      "opacity": 1,
      "overflow": "hidden",
      "paddingHorizontal": 3,
      "textAlign": "center",
      "textAlignVertical": "center",
    }
  }
/>
`;
