// Jest Snapshot v1, https://goo.gl/fbAQLP

exports[`ChannelValue Accepts style override 1`] = `[Function]`;

exports[`ChannelValue ChannelValue Renders 1`] = `
<View
  style={
    [
      {
        "alignItems": "center",
        "flexDirection": "row",
        "maxWidth": "100%",
      },
      undefined,
      undefined,
    ]
  }
>
  <Text
    ellipsizeMode="tail"
    numberOfLines={1}
    style={
      [
        {
          "textAlign": "left",
        },
        {
          "color": "rgba(28, 27, 31, 1)",
          "writingDirection": "ltr",
        },
        [
          {
            "fontFamily": "System",
            "fontSize": 16,
            "fontWeight": "400",
            "letterSpacing": 0.15,
            "lineHeight": 24,
          },
          [
            {
              "color": "rgba(28, 27, 31, 1)",
              "fontFamily": "OpenSans-Regular",
              "fontSize": 16,
              "letterSpacing": 0,
            },
          ],
        ],
      ]
    }
    testID="text-wrapper"
  >
    <Text
      style={
        [
          {
            "textAlign": "left",
          },
          {
            "color": "rgba(28, 27, 31, 1)",
            "writingDirection": "ltr",
          },
          [
            {
              "fontFamily": "System",
              "fontSize": 16,
              "fontWeight": "400",
              "letterSpacing": 0.15,
              "lineHeight": 24,
            },
            [
              {
                "color": "rgba(28, 27, 31, 1)",
                "fontFamily": "OpenSans-Regular",
                "fontSize": 16,
                "letterSpacing": 0,
              },
              undefined,
            ],
          ],
        ]
      }
    >
      2
    </Text>
  </Text>
</View>
`;

exports[`ChannelValue Renders the background color and font color correctly 1`] = `[Function]`;
